сигналов 586 (правило 1 356, правило 2 230), период 14.03–27.09.2026; монет без фьючерса Binance: 39

== 1. ТЕКУЩАЯ СТРАТЕГИЯ: тейк 6 / стоп 20, 48 ч, пауза 48 ч ==
оба правила              n=543 тейк  76% стоп  13% время  11% | итого  +66.8 (1-я пол. +25.8 / 2-я +41.0) | на сделку +0.123 | фандинг -23.7 | просадка -18.6
правило 1                n=339 тейк  77% стоп  17% время   6% | итого  +26.8 (1-я пол.  +3.3 / 2-я +23.6) | на сделку +0.079 | фандинг -13.1 | просадка -13.6
правило 2                n=204 тейк  73% стоп   7% время  20% | итого  +40.0 (1-я пол. +25.7 / 2-я +14.3) | на сделку +0.196 | фандинг -10.6 | просадка  -6.9
без фандинга             n=543 тейк  76% стоп  13% время  11% | итого  +90.6 (1-я пол. +38.5 / 2-я +52.1) | на сделку +0.167 | фандинг  +0.0 | просадка -15.6
стоп по цене, не марк    n=543 тейк  76% стоп  13% время  11% | итого  +64.3 (1-я пол. +23.3 / 2-я +41.0) | на сделку +0.118 | фандинг -23.6 | просадка -18.6
тейк по касанию          n=543 тейк  76% стоп  13% время  11% | итого  +66.8 (1-я пол. +25.8 / 2-я +41.0) | на сделку +0.123 | фандинг -23.7 | просадка -18.6
стоп без проскальз.      n=543 тейк  76% стоп  13% время  11% | итого  +67.7 (1-я пол. +26.3 / 2-я +41.4) | на сделку +0.125 | фандинг -23.7 | просадка -18.3
           n  итого  тейк  стоп  фандинг
m                                       
2026-03   81   13.9  75.3   9.9     -4.0
2026-04  181   14.5  74.6  15.5     -8.5
2026-05   70    0.8  72.9  17.1     -2.9
2026-06   60   10.0  78.3  11.7     -2.7
2026-07   41   13.0  80.5   4.9     -2.0
2026-08   67   12.8  79.1   9.0     -2.9
2026-09   43    1.8  72.1  18.6     -0.7
ход против шорта до выхода (стопы не в счёт): медиана 3.3%, 90-й перцентиль 12.9%

== 2. СЕТКА ТЕЙК × СТОП (48 ч, пауза 48) — итого USDT / стопов % ==
       10     15     20     25     30     40
4    21.8   33.7   46.2   60.5   55.9   47.5
6    42.8   54.3   66.8   78.1   71.9   57.1
8    39.1   62.0   80.3   89.1   82.3   74.1
10   45.8   73.6   87.4  100.1   96.6   92.4
15   73.1   97.5  111.3  127.8  114.9  113.3
нет  64.9  101.7  102.3  107.2   97.3  111.3
стопов, %:
     10  15  20  25  30  40
4    23  14  10   7   6   5
6    28  18  13   9   8   7
8    33  22  15  11  10   7
10   36  24  17  13  11   8
15   40  27  19  14  13   9
нет  43  30  22  17  15  10

== 3. ВРЕМЯ УДЕРЖАНИЯ и ПАУЗА (6/20) ==
выход 12 ч               n=556 тейк  59% стоп  10% время  32% | итого  +47.8 (1-я пол. +12.7 / 2-я +35.1) | на сделку +0.086 | фандинг -18.8 | просадка -16.7
выход 24 ч               n=552 тейк  69% стоп  12% время  19% | итого  +62.3 (1-я пол. +20.3 / 2-я +42.0) | на сделку +0.113 | фандинг -22.4 | просадка -16.9
выход 36 ч               n=546 тейк  73% стоп  13% время  14% | итого  +64.3 (1-я пол. +24.8 / 2-я +39.5) | на сделку +0.118 | фандинг -23.4 | просадка -17.6
выход 48 ч               n=543 тейк  76% стоп  13% время  11% | итого  +66.8 (1-я пол. +25.8 / 2-я +41.0) | на сделку +0.123 | фандинг -23.7 | просадка -18.6
выход 72 ч               n=543 тейк  79% стоп  13% время   8% | итого  +66.7 (1-я пол. +28.4 / 2-я +38.3) | на сделку +0.123 | фандинг -24.4 | просадка -21.7
пауза 0 ч                n=578 тейк  76% стоп  13% время  11% | итого  +70.3 (1-я пол. +30.6 / 2-я +39.7) | на сделку +0.122 | фандинг -25.3 | просадка -14.9
пауза 24 ч               n=554 тейк  76% стоп  13% время  11% | итого  +64.6 (1-я пол. +26.6 / 2-я +38.0) | на сделку +0.117 | фандинг -24.6 | просадка -17.7
пауза 48 ч               n=543 тейк  76% стоп  13% время  11% | итого  +66.8 (1-я пол. +25.8 / 2-я +41.0) | на сделку +0.123 | фандинг -23.7 | просадка -18.6
пауза 96 ч               n=528 тейк  76% стоп  13% время  11% | итого  +65.8 (1-я пол. +21.5 / 2-я +44.4) | на сделку +0.125 | фандинг -23.2 | просадка -19.0

== 4. ЖУРНАЛЫ И ФАНДИНГ ==
📓 без тейка / 25         n=497 тейк   0% стоп  17% время  83% | итого +107.2 (1-я пол. +51.2 / 2-я +55.9) | на сделку +0.216 | фандинг -68.0 | просадка -20.3
📗 по фандингу            n=534 тейк  59% стоп  14% время  27% | итого +114.1 (1-я пол. +53.9 / 2-я +60.2) | на сделку +0.214 | фандинг -46.5 | просадка -10.8
6/20 + fexit 0.1         n=556 тейк  60% стоп  11% время  29% | итого  +39.2 (1-я пол. +15.0 / 2-я +24.2) | на сделку +0.070 | фандинг -15.1 | просадка -23.8
6/20 + fexit 0.2         n=553 тейк  69% стоп  11% время  20% | итого  +62.8 (1-я пол. +31.0 / 2-я +31.8) | на сделку +0.113 | фандинг -17.9 | просадка -20.7
6/20 + fexit 0.4         n=544 тейк  74% стоп  13% время  13% | итого  +67.9 (1-я пол. +25.5 / 2-я +42.4) | на сделку +0.125 | фандинг -20.9 | просадка -18.6
6/20 + fexit 0.8         n=543 тейк  75% стоп  13% время  12% | итого  +66.6 (1-я пол. +25.5 / 2-я +41.1) | на сделку +0.123 | фандинг -22.7 | просадка -18.6
📓 + fexit 0.4            n=501 тейк   0% стоп  16% время  84% | итого +107.9 (1-я пол. +46.4 / 2-я +61.5) | на сделку +0.215 | фандинг -54.2 | просадка -20.3
                n  на_сделку   тейк   стоп  фандинг
fb                                                 
<−0,1         132       0.13  81.06  12.12   -11.72
−0,1..−0,03   122       0.16  74.59  10.66    -6.21
−0,03..−0,01   82       0.02  70.73  17.07    -2.24
−0,01..0       92       0.19  77.17  13.04    -1.66
≥0            115       0.09  73.04  13.91    -1.90

== 5. ПАТТЕРНЫ (6/20) ==
пр.1 структура ✅         n=147 тейк  80% стоп  18% время   3% | итого  +10.9 (1-я пол.  -1.6 / 2-я +12.5) | на сделку +0.074 | фандинг  -5.9 | просадка  -7.4
пр.1 структура ⚠️        n=192 тейк  76% стоп  16% время   9% | итого  +15.9 (1-я пол.  +3.4 / 2-я +12.6) | на сделку +0.083 | фандинг  -7.2 | просадка  -8.1
пр.1 от пика −0,5..−3%   n= 71 тейк  80% стоп  17% время   3% | итого   +6.2 (1-я пол.  -2.5 / 2-я  +8.7) | на сделку +0.087 | фандинг  -3.1 | просадка  -8.4
пр.1 прочие              n=268 тейк  76% стоп  16% время   7% | итого  +20.7 (1-я пол.  +5.9 / 2-я +14.7) | на сделку +0.077 | фандинг -10.0 | просадка -13.0
пр.2 рост до >30%        n= 56 тейк  95% стоп   5% время   0% | итого  +23.1 (1-я пол. +10.5 / 2-я +12.6) | на сделку +0.413 | фандинг  -2.3 | просадка  -2.2
пр.2 рост до 15–30%      n= 67 тейк  66% стоп  10% время  24% | итого   +9.0 (1-я пол.  +4.6 / 2-я  +4.4) | на сделку +0.134 | фандинг  -2.8 | просадка  -5.2
пр.2 рост до 5–15%       n= 34 тейк  53% стоп   3% время  44% | итого   +1.0 (1-я пол.  +5.9 / 2-я  -4.9) | на сделку +0.030 | фандинг  -1.8 | просадка  -5.6
пр.2 рост до <5%         n= 47 тейк  72% стоп   9% время  19% | итого   +6.9 (1-я пол.  +6.4 / 2-я  +0.5) | на сделку +0.146 | фандинг  -3.7 | просадка  -4.9
