сигналов 2526 (правило 1 1543, правило 2 983), 23.02.2025–27.09.2026

===== вход через ~0,5 мин после поста =====
6/20                     n=2291 тейк  71% стоп  14% время  15% | итого  +97.4 (1-я пол.  +8.0 / 2-я +89.4) | на сделку +0.043 | фандинг -120.1 | просадка -43.5 | по третям +6.7 / +25.0 / +65.7 | окна 35 в минусе 39%
8/20                     n=2241 тейк  60% стоп  16% время  24% | итого +140.3 (1-я пол. +24.8 / 2-я +115.5) | на сделку +0.063 | фандинг -148.9 | просадка -40.7 | по третям +13.3 / +50.3 / +76.7 | окна 35 в минусе 38%
10/20                    n=2197 тейк  49% стоп  18% время  33% | итого +136.6 (1-я пол.  +1.9 / 2-я +134.7) | на сделку +0.062 | фандинг -172.4 | просадка -47.1 | по третям -0.6 / +43.0 / +94.2 | окна 35 в минусе 38%
10/25                    n=2196 тейк  50% стоп  14% время  37% | итого +124.1 (1-я пол. -10.9 / 2-я +135.0) | на сделку +0.057 | фандинг -194.0 | просадка -55.6 | по третям -4.3 / +32.2 / +96.2 | окна 35 в минусе 39%
15/25                    n=2137 тейк  27% стоп  15% время  58% | итого +141.2 (1-я пол. -15.9 / 2-я +157.1) | на сделку +0.066 | фандинг -232.3 | просадка -64.5 | по третям -0.8 / +28.1 / +113.8 | окна 35 в минусе 36%
20/25                    n=2102 тейк  15% стоп  16% время  70% | итого +140.7 (1-я пол. -19.9 / 2-я +160.6) | на сделку +0.067 | фандинг -250.2 | просадка -65.5 | по третям -4.5 / +30.7 / +114.5 | окна 35 в минусе 37%
📓 без тейка/25           n=2058 тейк   0% стоп  16% время  84% | итого  +91.3 (1-я пол. -46.8 / 2-я +138.1) | на сделку +0.044 | фандинг -264.0 | просадка -94.2 | по третям -22.5 / +13.1 / +100.7 | окна 35 в минусе 40%
📗 по фандингу            n=2214 тейк  55% стоп  15% время  31% | итого +141.0 (1-я пол. -10.3 / 2-я +151.3) | на сделку +0.064 | фандинг -203.0 | просадка -48.1 | по третям +2.0 / +18.3 / +120.7 | окна 35 в минусе 33%

===== вход через ~2,5 мин после поста =====
6/20                     n=2299 тейк  71% стоп  14% время  15% | итого +101.8 (1-я пол.  +6.6 / 2-я +95.2) | на сделку +0.044 | фандинг -118.8 | просадка -49.8 | по третям +0.1 / +35.3 / +66.4 | окна 35 в минусе 37%
8/20                     n=2248 тейк  59% стоп  16% время  24% | итого +124.4 (1-я пол.  +5.4 / 2-я +119.0) | на сделку +0.055 | фандинг -147.4 | просадка -53.6 | по третям -2.0 / +52.3 / +74.0 | окна 35 в минусе 38%
10/20                    n=2202 тейк  49% стоп  18% время  33% | итого +147.8 (1-я пол. +25.5 / 2-я +122.3) | на сделку +0.067 | фандинг -171.0 | просадка -39.2 | по третям +9.3 / +57.4 / +81.2 | окна 35 в минусе 38%
10/25                    n=2199 тейк  50% стоп  13% время  37% | итого +156.8 (1-я пол. +14.4 / 2-я +142.4) | на сделку +0.071 | фандинг -195.3 | просадка -45.4 | по третям +7.8 / +41.1 / +108.0 | окна 35 в минусе 37%
15/25                    n=2135 тейк  26% стоп  15% время  59% | итого +142.5 (1-я пол. -11.8 / 2-я +154.3) | на сделку +0.067 | фандинг -234.2 | просадка -64.4 | по третям -2.6 / +33.6 / +111.4 | окна 35 в минусе 35%
20/25                    n=2098 тейк  14% стоп  15% время  71% | итого +136.4 (1-я пол. -21.3 / 2-я +157.7) | на сделку +0.065 | фандинг -253.3 | просадка -67.7 | по третям -14.5 / +33.9 / +116.9 | окна 35 в минусе 36%
📓 без тейка/25           n=2057 тейк   0% стоп  16% время  84% | итого +100.2 (1-я пол. -46.8 / 2-я +147.0) | на сделку +0.049 | фандинг -265.9 | просадка -90.6 | по третям -23.6 / +11.3 / +112.5 | окна 35 в минусе 39%
📗 по фандингу            n=2216 тейк  54% стоп  15% время  31% | итого +131.8 (1-я пол. -15.8 / 2-я +147.6) | на сделку +0.059 | фандинг -201.5 | просадка -54.7 | по третям -7.8 / +31.0 / +108.6 | окна 35 в минусе 34%
   6/20 правило 1           n=1412 тейк  74% стоп  16% время  10% | итого  +41.9 (1-я пол.  +0.6 / 2-я +41.2) | на сделку +0.030 | фандинг -74.1 | просадка -29.9
   6/20 правило 2           n=879 тейк  66% стоп  11% время  23% | итого  +55.5 (1-я пол.  +1.7 / 2-я +53.8) | на сделку +0.063 | фандинг -46.0 | просадка -19.8
   15/25 правило 1          n=1302 тейк  28% стоп  18% время  54% | итого  +42.5 (1-я пол. -29.8 / 2-я +72.4) | на сделку +0.033 | фандинг -149.0 | просадка -60.4
   15/25 правило 2          n=835 тейк  25% стоп  11% время  64% | итого  +98.7 (1-я пол. +20.5 / 2-я +78.2) | на сделку +0.118 | фандинг -83.2 | просадка -27.5
   📗 по фандингу правило 1  n=1358 тейк  60% стоп  17% время  23% | итого  +37.6 (1-я пол. -26.9 / 2-я +64.5) | на сделку +0.028 | фандинг -126.6 | просадка -39.6
   📗 по фандингу правило 2  n=856 тейк  46% стоп  11% время  43% | итого +103.4 (1-я пол. +10.2 / 2-я +93.2) | на сделку +0.121 | фандинг -76.3 | просадка -18.8

По месяцам (вход ~0,5 мин):
         сделок  стоп% 6/20  6/20  10/25  15/25  📓 без тейка/25  📗 по фандингу
m                                                                             
2025-02      18          17   0.2    3.1    4.8             7.4            4.0
2025-03     110           9  15.1   11.1   13.9            18.6            5.3
2025-04     190          18 -11.2  -24.9  -34.8           -46.8          -29.1
2025-05      81           7  21.0   23.2   26.5            23.1           27.5
2025-06      72          14  -4.9   -0.4   -1.4             0.6           -1.9
2025-07     143          22 -16.6  -22.5  -17.8           -29.3          -14.8
2025-08     113          13   6.1   12.7   11.1             9.2           11.1
2025-09      95          18  -9.2  -17.1  -12.9            -6.8           -5.0
2025-10     153          13   6.0    3.4    3.0             1.7            2.9
2025-11     226          19  -7.0   -3.6  -12.0           -28.4          -16.5
2025-12     159           9  21.3   20.2   20.7            17.7           13.6
2026-01     178          13   8.4   22.8   26.0            19.3           23.3
2026-02     133          11   3.8    7.0   -3.8             2.7            5.2
2026-03     158          13  12.4    7.0   10.7            15.7           22.9
2026-04     181          15  14.1   20.1   32.9            27.5           33.7
2026-05      70          17   0.6   12.2   17.2            11.2           15.5
2026-06      60          12   9.8   15.9   18.5            16.0           15.3
2026-07      41           5  13.0    2.9    4.7            14.3            9.1
2026-08      67           9  12.7   28.0   28.2            17.9           17.3
2026-09      43          19   1.7    3.2    5.4            -0.3            1.6
месяцев в плюсе: {'6/20': '15/20', '10/25': '15/20', '15/25': '14/20', '📓 без тейка/25': '15/20', '📗 по фандингу': '15/20'}

Сетка тейк × стоп (вход ~0,5 мин), итого USDT:
        15     20     25     30
4     63.0   70.1   81.1  101.0
6     95.0   97.4   85.7   94.9
8    129.8  140.3  118.4  119.2
10   133.7  136.6  124.1  120.8
15   152.0  158.5  141.2  125.7
20   166.1  167.4  140.7  128.3
нет  138.4  119.7   91.3   88.6
