сигналов 586; стопов 77 (13%); train до 30.05; признаков 145
  правило 1: 356 сигналов, стопов 16%, итог +30.3, на сделку +0.085
  правило 2: 230 сигналов, стопов 8%, итог +43.2, на сделку +0.188

==== ОБА ПРАВИЛА: связь признаков со стопом (AUC 0,5 = нет связи; >0,5 — больше значение → чаще стоп) ====
              признак   AUC     p  AUC_train  AUC_test   n  q_FDR  стабилен
            vs_vwap24 0.617 0.001      0.608     0.642 586  0.100      True
           from_ext4h 0.387 0.001      0.370     0.408 586  0.100      True
                ch_7d 0.605 0.003      0.591     0.616 585  0.154      True
             oi_ch_4h 0.594 0.008      0.607     0.574 586  0.278      True
                ch_2h 0.590 0.011      0.579     0.612 586  0.295      True
               ch_12h 0.587 0.014      0.620     0.540 586  0.295      True
           from_low24 0.587 0.014      0.596     0.587 586  0.295      True
                pos24 0.584 0.017      0.605     0.545 586  0.297      True
      g_liq_short_24h 0.597 0.020      0.577     0.618 407  0.297      True
               kimchi 0.644 0.022      0.622     0.684 203  0.297      True
         spot_tbuy_4h 0.580 0.023      0.588     0.563 583  0.297      True
               ch_24h 0.579 0.026      0.607     0.544 586  0.297      True
           spot_ch_1h 0.577 0.029      0.589     0.553 583  0.297      True
               ch_48h 0.576 0.031      0.596     0.539 586  0.297      True
             oi_ch_1h 0.574 0.035      0.597     0.531 586  0.297      True
       g_liq_short_1h 0.578 0.036      0.541     0.628 407  0.297      True
             bb_pct15 0.574 0.036      0.579     0.563 586  0.297      True
          upbit_ch_4h 0.632 0.041      0.626     0.663 195  0.297      True
                ch_1h 0.572 0.041      0.591     0.535 586  0.297      True
       g_liq_short_4h 0.582 0.043      0.554     0.614 407  0.297      True
      book_ask_5_kusd 0.571 0.045      0.532     0.634 585  0.297      True
          body_last15 0.571 0.046      0.602     0.514 586  0.297      True
                ch_4h 0.570 0.047      0.587     0.542 586  0.297      True
g_taker_long_share_1h 0.581 0.051      0.568     0.597 407  0.303      True
           lsr_ch_15m 0.431 0.052      0.449     0.400 586  0.303      True
         ch_run_posts 0.568 0.055      0.560     0.571 586  0.309      True
                r2_4h 0.433 0.059      0.398     0.497 586  0.314      True
              tbuy_4h 0.566 0.063      0.536     0.633 586  0.324      True
                rsi15 0.565 0.066      0.580     0.538 586  0.326      True
             ch_run_h 0.565 0.068      0.557     0.568 586  0.326      True

ОБА ПРАВИЛА — vs_vwap24 по квинтилям:
                     n   стоп  на_сделку
q                                       
(-50.695, -5.942]  118   7.63       0.19
(-5.942, 0.317]    117   8.55       0.20
(0.317, 5.748]     117  13.68       0.14
(5.748, 9.084]     117  17.09       0.05
(9.084, 75.286]    117  18.80       0.04

ОБА ПРАВИЛА — from_ext4h по квинтилям:
                                 n   стоп  на_сделку
q                                                   
(-30.441000000000003, -2.367]  118  19.49       0.02
(-2.367, -0.512]               117  16.24       0.09
(-0.512, -0.0456]              117  12.82       0.15
(-0.0456, 1.515]               117   7.69       0.20
(1.515, 23.355]                117   9.40       0.17

ОБА ПРАВИЛА — ch_7d по квинтилям:
                     n   стоп  на_сделку
q                                       
(-94.997, -2.663]  117   8.55       0.14
(-2.663, 11.165]   117   9.40       0.18
(11.165, 26.564]   117  11.11       0.19
(26.564, 50.44]    117  15.38       0.12
(50.44, 721.719]   117  20.51       0.02

ОБА ПРАВИЛА — oi_ch_4h по квинтилям:
                      n   стоп  на_сделку
q                                        
(-49.607, -10.644]  118   6.78       0.20
(-10.644, 3.499]    117  11.97       0.12
(3.499, 11.637]     117  15.38       0.10
(11.637, 23.015]    117  14.53       0.13
(23.015, 320.836]   117  17.09       0.07

==== ОБА ПРАВИЛА: лучшие одиночные фильтры (подобраны на train, проверены на test). База train +33.8, test +39.7 ====
               исключить, если  выигрыш_train  отсеяно_train  стопов_среди_отсеянных_train%  выигрыш_test  отсеяно_test  стопов_test%
           body_last15 > 2.235          13.29             70                          27.14         -9.38            47         12.77
          from_ext4h < -0.9984          11.07            105                          23.81         -9.16            82         15.85
         lsr_ch_15m < -0.01606           9.20             70                          21.43          2.90            34         23.53
                kimchi > 4.669           9.18             14                          35.71          1.41            11         18.18
                 ch_1h > 5.002           8.07            105                          21.90        -10.48            65         13.85
         spot_tbuy_4h > 0.5388           7.02             70                          22.86         -2.19            35         17.14
            spot_ch_1h > 5.517           6.44            105                          21.90        -10.47            56         12.50
               oi_ch_1h > 6.64           6.27            106                          21.70         -7.27            64         15.62
              vrel_15m > 6.072           6.20             70                          21.43        -11.73            34          5.88
                   ch_chng > 0           6.00             72                          22.22         -6.38            46         13.04
           upbit_ch_4h > 15.38           5.61             12                          33.33          1.39             8         25.00
        g_liq_short_4h > 2.286           5.12             19                          31.58         -3.28            20         15.00
                r2_4h < 0.2943           5.07             70                          21.43        -15.17            49          8.16
              ch_run_h > 12.92           4.53            106                          18.87         -3.09            42         16.67
            ch_run_posts > 155           4.53            106                          18.87         -3.09            42         16.67
     g_liq_short_24h > 0.03261           4.46            131                          19.85        -16.87           148         14.19
            g_oi_musd > 0.2528           3.93            131                          19.08        -27.30           154         12.34
              oi_ch_4h > 23.94           3.52             70                          21.43         -9.60            37         10.81
                pos24 > 0.9591           2.59             70                          18.57         -3.75            32         15.62
g_taker_long_share_1h > 0.5807           2.27             19                          21.05          1.81            18         16.67
       book_ask_5_kusd > 465.9           2.07            105                          20.00          1.09            36         22.22
              tbuy_4h > 0.5287           1.78             35                          20.00         -6.70            12          0.00
            g_oi_ch_4h > 19.72           1.66             57                          21.05        -13.85            61         11.48
        upwick_last15 > 0.5357           1.45             35                          17.14          5.14            26         23.08
      avg_trade_rel_1h > 1.186           1.13             70                          18.57         -6.45            41         12.20
Из топ-25 фильтров на test в плюсе: 6; сумма выигрыша на test -162.4

==== ОБА ПРАВИЛА: бустинг: вне выборки 299 сигналов, AUC 0.538; итог без фильтра +39.3
     отсеять 10% самых рискованных → итог +33.2 (отсеяно стопов 4 из 38, тейков среди отсеянных 26)
     отсеять 20% самых рискованных → итог +23.3 (отсеяно стопов 6 из 38, тейков среди отсеянных 53)
     отсеять 30% самых рискованных → итог +20.5 (отсеяно стопов 11 из 38, тейков среди отсеянных 76)

==== ОБА ПРАВИЛА: логрегрессия: вне выборки 299 сигналов, AUC 0.491; итог без фильтра +39.3
     отсеять 10% самых рискованных → итог +33.1 (отсеяно стопов 3 из 38, тейков среди отсеянных 25)
     отсеять 20% самых рискованных → итог +26.4 (отсеяно стопов 6 из 38, тейков среди отсеянных 50)
     отсеять 30% самых рискованных → итог +23.9 (отсеяно стопов 11 из 38, тейков среди отсеянных 73)

==== ПРАВИЛО 1 (памп): связь признаков со стопом (AUC 0,5 = нет связи; >0,5 — больше значение → чаще стоп) ====
         признак   AUC     p  AUC_train  AUC_test   n  q_FDR  стабилен
 g_liq_short_24h 0.632 0.007      0.577     0.688 252  0.896      True
           ch_br 0.591 0.028      0.602     0.562 356  0.896      True
  g_liq_short_4h 0.605 0.030      0.535     0.682 252  0.896      True
  g_users_ch_24h 0.406 0.057      0.457     0.371 252  0.896      True
 g_lsracc_ch_24h 0.406 0.057      0.457     0.371 252  0.896      True
          kimchi 0.634 0.070      0.608     0.667 123  0.896      True
           ch_7d 0.571 0.089      0.543     0.605 355  0.896      True
ch_4h_before_24h 0.570 0.093      0.555     0.598 356  0.896      True
   upwick_last15 0.569 0.097      0.526     0.636 356  0.896      True
  g_liq_short_1h 0.575 0.103      0.517     0.648 252  0.896      True
      from_ext4h 0.433 0.106      0.402     0.472 356  0.896      True
     upbit_ch_4h 0.622 0.109      0.618     0.631 120  0.896      True
       vs_vwap24 0.565 0.118      0.524     0.626 356  0.896      True
           r2_4h 0.435 0.120      0.393     0.508 356  0.896     False
          eff_4h 0.436 0.122      0.419     0.427 356  0.896      True
      lsr_ch_15m 0.436 0.126      0.447     0.414 356  0.896      True
   impulse_share 0.563 0.130      0.578     0.560 356  0.896      True
       g_lsr_acc 0.427 0.140      0.499     0.360 252  0.896      True
   g_users_ratio 0.427 0.140      0.499     0.360 252  0.896      True
         btc_24h 0.439 0.140      0.410     0.495 356  0.896      True
       vol15_24h 0.561 0.142      0.534     0.619 356  0.896      True
   g_users_ch_1h 0.427 0.142      0.529     0.326 252  0.896     False
  g_lsracc_ch_1h 0.427 0.142      0.529     0.326 252  0.896     False
  g_top_lsr_size 0.571 0.149      0.568     0.564 252  0.901      True
   g_liq_long_1h 0.559 0.168      0.581     0.534 252  0.933      True
          ch_24h 0.557 0.169      0.549     0.577 356  0.933      True
       g_oi_musd 0.567 0.174      0.519     0.610 252  0.933      True
      top_vs_all 0.446 0.193      0.456     0.428 356  0.941      True
      spot_ch_4h 0.446 0.193      0.469     0.392 356  0.941      True
 min_since_ext4h 0.551 0.208      0.559     0.540 356  0.941      True

ПРАВИЛО 1 (памп) — g_liq_short_24h по квинтилям:
                    n   стоп  на_сделку
q                                      
(-0.001, 0.0462]  101   7.92       0.29
(0.0462, 0.441]    50  16.00       0.11
(0.441, 1.986]     50  24.00      -0.08
(1.986, 35.962]    51  25.49      -0.12

ПРАВИЛО 1 (памп) — ch_br по квинтилям:
                   n   стоп  на_сделку
q                                     
(2.999, 4.6]      73   6.85       0.35
(4.6, 8.1]        70  15.71       0.12
(8.1, 20.9]       71  16.90       0.10
(20.9, 61.7]      71  22.54      -0.10
(61.7, 105129.0]  71  19.72      -0.05

ПРАВИЛО 1 (памп) — g_liq_short_4h по квинтилям:
                     n   стоп  на_сделку
q                                       
(-0.001, 0.00035]  101  12.87       0.16
(0.00035, 0.0849]   50  12.00       0.22
(0.0849, 0.604]     50  20.00       0.00
(0.604, 34.267]     51  23.53      -0.06

ПРАВИЛО 1 (памп) — g_users_ch_24h по квинтилям:
                    n   стоп  на_сделку
q                                      
(-0.586, -0.18]    51  21.57      -0.00
(-0.18, -0.0724]   50  22.00      -0.07
(-0.0724, 0.0349]  50  18.00       0.04
(0.0349, 0.217]    50  10.00       0.27
(0.217, 2.327]     51   9.80       0.24

==== ПРАВИЛО 1 (памп): лучшие одиночные фильтры (подобраны на train, проверены на test). База train +7.1, test +23.2 ====
          исключить, если  выигрыш_train  отсеяно_train  стопов_среди_отсеянных_train%  выигрыш_test  отсеяно_test  стопов_test%
             ch_br > 6.13          12.16            145                          22.07        -17.19            97         13.40
         eff_4h < 0.09572          11.91             42                          30.95         -5.12            57         17.54
  book_ask_5_kusd < 112.4           9.35             21                          38.10         -8.44            21          4.76
           r2_4h < 0.3818           9.35             63                          25.40         -9.69            39         10.26
              ch_chng > 0           8.63             57                          24.56         -4.40            31         16.13
           kimchi > 3.798           8.24             16                          31.25          1.88            12         25.00
  g_top_lsr_size > 0.9142           8.23             88                          22.73        -16.96           109         14.68
    lsr_ch_15m < -0.01884           7.93             42                          26.19          1.17            21         23.81
     min_since_ext4h > 52           7.76             41                          26.83        -10.00            39         10.26
 book_imb_ch1h_2 > 0.2007           6.68             21                          33.33          0.64             8         25.00
      from_ext4h < -2.192           6.54             63                          23.81         -8.80            59         15.25
         btc_24h < 0.9539           6.43            145                          20.69        -17.66           105         13.33
    impulse_share > 1.446           5.95             21                          28.57          4.87            19         31.58
   g_top_lsr_acc < 0.4643           5.54             22                          31.82          0.84            31         22.58
      lsr_ch_1h > 0.05955           5.12             21                          28.57         -1.08            11         18.18
  avg_trade_rel_1h > 1.17           5.01             63                          22.22         -5.66            34         14.71
       spot_ch_4h < 8.408           4.94             42                          21.43          1.98            46         21.74
 g_liq_long_1h > 0.003119           4.88             33                          27.27         -4.32            37         16.22
g_lsracc_ch_1h > -0.05622           4.54             77                          22.08        -25.95            93          9.68
 g_users_ch_1h > -0.05622           4.54             77                          22.08        -25.95            93          9.68
      upbit_ch_4h > 16.31           4.45              8                          37.50          1.39             8         25.00
          ch_48h < -1.816           4.43             21                          23.81         -0.20            29         17.24
   g_liq_short_4h > 2.416           4.36             11                          36.36          0.96            12         25.00
        g_oi_musd > 2.107           4.35             11                          36.36          4.54            11         36.36
       g_lsr_acc < 0.6948           4.12             11                          36.36          4.98            11         36.36
Из топ-25 фильтров на test в плюсе: 10; сумма выигрыша на test -138.2

==== ПРАВИЛО 1 (памп): бустинг: вне выборки 188 сигналов, AUC 0.534; итог без фильтра +25.2
     отсеять 10% самых рискованных → итог +24.7 (отсеяно стопов 4 из 28, тейков среди отсеянных 15)
     отсеять 20% самых рискованных → итог +23.7 (отсеяно стопов 7 из 28, тейков среди отсеянных 29)
     отсеять 30% самых рискованных → итог +21.3 (отсеяно стопов 10 из 28, тейков среди отсеянных 45)

==== ПРАВИЛО 1 (памп): логрегрессия: вне выборки 188 сигналов, AUC 0.475; итог без фильтра +25.2
     отсеять 10% самых рискованных → итог +18.1 (отсеяно стопов 1 из 28, тейков среди отсеянных 17)
     отсеять 20% самых рискованных → итог +17.7 (отсеяно стопов 5 из 28, тейков среди отсеянных 32)
     отсеять 30% самых рискованных → итог +18.9 (отсеяно стопов 9 из 28, тейков среди отсеянных 45)

==== ПРАВИЛО 2 (слив): связь признаков со стопом (AUC 0,5 = нет связи; >0,5 — больше значение → чаще стоп) ====
              признак   AUC     p  AUC_train  AUC_test   n  q_FDR  стабилен
                ch_7d 0.673 0.013      0.689     0.623 230  0.573      True
         oi_to_qv24_g 0.312 0.017      0.330     0.234 155  0.573      True
        toppos_ch_15m 0.655 0.026      0.652     0.630 230  0.573      True
           oi_to_qv24 0.347 0.028      0.311     0.432 230  0.573      True
            qv24_musd 0.644 0.038      0.647     0.636 230  0.573      True
         ch_run_posts 0.643 0.038      0.707     0.484 230  0.573     False
         spot_vrel_4h 0.357 0.039      0.363     0.356 227  0.573      True
             ch_run_h 0.643 0.039      0.705     0.486 230  0.573     False
      book_ask_5_kusd 0.641 0.043      0.674     0.535 230  0.573      True
              vrel_4h 0.360 0.044      0.389     0.315 230  0.573      True
g_taker_long_share_1h 0.657 0.047      0.665     0.650 155  0.573      True
         toppos_ch_4h 0.636 0.049      0.602     0.700 230  0.573      True
         spot_vrel_1h 0.365 0.052      0.449     0.183 227  0.573      True
               ch_rep 0.630 0.061      0.597     0.655 230  0.573      True
              vrel_1h 0.371 0.063      0.452     0.198 230  0.573      True
               ch_bor 0.627 0.068      0.579     0.651 230  0.573      True
      spot_to_perp_qv 0.373 0.068      0.363     0.372 227  0.573      True
       spot_qv24_musd 0.625 0.071      0.614     0.644 227  0.573      True
               ch_pos 0.382 0.087      0.380     0.294 230  0.662      True
               ch_72h 0.609 0.117      0.673     0.494 230  0.823     False
         fund_24h_sum 0.392 0.121      0.441     0.265 230  0.823      True
         spot_tbuy_4h 0.606 0.126      0.557     0.757 227  0.823      True
      book_ask_2_kusd 0.605 0.131      0.658     0.442 230  0.823     False
    book_depth_ch1h_5 0.601 0.144      0.671     0.444 230  0.844     False
   oi_ch_per_price_4h 0.399 0.146      0.384     0.422 230  0.844      True
               ch_48h 0.599 0.153      0.671     0.455 230  0.844     False
            vol15_24h 0.598 0.157      0.559     0.718 230  0.844      True
      book_ask_1_kusd 0.596 0.168      0.637     0.465 230  0.870     False
           book_imb_2 0.410 0.195      0.399     0.436 230  0.975      True
      fund_prev3d_sum 0.415 0.220      0.457     0.356 230  0.984      True

ПРАВИЛО 2 (слив) — ch_7d по квинтилям:
                               n   стоп  на_сделку
q                                                 
(-89.65100000000001, -6.827]  46   4.35       0.18
(-6.827, 7.401]               46   2.17       0.25
(7.401, 23.059]               46   8.70       0.18
(23.059, 50.584]              46  10.87       0.19
(50.584, 677.85]              46  15.22       0.14

ПРАВИЛО 2 (слив) — oi_to_qv24_g по квинтилям:
                     n   стоп  на_сделку
q                                       
(0.00042, 0.00288]  31  12.90       0.18
(0.00288, 0.00417]  31  19.35      -0.06
(0.00417, 0.0065]   31  12.90       0.05
(0.0065, 0.0111]    31   3.23       0.31
(0.0111, 0.0457]    31   0.00       0.14

ПРАВИЛО 2 (слив) — toppos_ch_15m по квинтилям:
                       n   стоп  на_сделку
q                                         
(-0.0692, -0.00701]   46   4.35       0.37
(-0.00701, -0.00118]  46   6.52       0.23
(-0.00118, 0.00259]   46   4.35       0.26
(0.00259, 0.0089]     46   4.35       0.21
(0.0089, 0.12]        46  21.74      -0.13

ПРАВИЛО 2 (слив) — oi_to_qv24 по квинтилям:
                    n   стоп  на_сделку
q                                      
(0.00896, 0.0318]  46  10.87       0.25
(0.0318, 0.0549]   46  13.04       0.20
(0.0549, 0.0858]   46  10.87       0.19
(0.0858, 0.126]    46   4.35       0.21
(0.126, 0.438]     46   2.17       0.08

==== ПРАВИЛО 2 (слив): лучшие одиночные фильтры (подобраны на train, проверены на test). База train +26.7, test +16.5 ====
               исключить, если  выигрыш_train  отсеяно_train  стопов_среди_отсеянных_train%  выигрыш_test  отсеяно_test  стопов_test%
g_taker_long_share_1h > 0.5569           4.37             16                          25.00         -0.08             8          0.00
            ch_run_posts > 338           4.29             28                          21.43         -3.09             6          0.00
              ch_run_h > 28.08           3.83             29                          20.69         -3.55             7          0.00
         spot_vrel_4h < 0.5194           2.69             14                          28.57          0.09             2          0.00
    book_depth_ch1h_5 > 0.1027           2.15             29                          17.24          0.23            19         10.53
        g_top_lsr_acc > 0.8412           1.87             23                          17.39         -0.89            19          5.26
                      hour < 7           1.61             26                          11.54         -2.93            25         12.00
       toppos_ch_15m > 0.01561           1.25             15                          20.00          0.82             6         16.67
              vrel_1h < 0.3847           1.14             15                          20.00         -0.88             4          0.00
         spot_vrel_1h < 0.3462           1.08             14                          21.43          1.73             4         25.00
         spot_tbuy_4h < 0.4422           0.87             14                           7.14         -0.23             6          0.00
       book_ask_5_kusd > 446.6           0.79             43                          18.60         -6.86            13          0.00
              vrel_4h < 0.5824           0.39             15                          20.00         -1.61             3          0.00
                kimchi > 1.779           0.10             11                          18.18         -1.62             7          0.00
   oi_ch_per_price_4h < -0.315          -0.08             15                          20.00         -2.20            11          9.09
     spot_to_perp_qv < 0.08089          -0.45             14                          14.29         -0.82            12         16.67
          oi_to_qv24 < 0.02292          -0.65             15                          20.00         -4.78             9          0.00
         book_imb_2 < -0.00265          -0.95             29                          17.24         -1.25            17         11.76
       oi_to_qv24_g < 0.009148          -1.03             54                          16.67         -9.49            57         10.53
             vol15_24h > 3.682          -1.03             15                          20.00         -3.05            10         10.00
           from_high24 < -25.7          -2.01             29                          13.79         -3.12            16         12.50
                  ch_7d > 92.2          -2.31             15                          13.33          3.33             8         37.50
                    ch_pos < 1          -2.95             17                          11.76          3.20            14         14.29
       book_ask_1_kusd > 137.2          -2.97             29                          13.79         -2.41             5          0.00
           from_low24 < 0.9716          -3.34             15                           0.00         -2.72             7          0.00
Из топ-25 фильтров на test в плюсе: 6; сумма выигрыша на test -42.2

==== ПРАВИЛО 2 (слив): бустинг: вне выборки 82 сигналов, AUC 0.419; итог без фильтра +14.1
     отсеять 10% самых рискованных → итог +9.2 (отсеяно стопов 0 из 6, тейков среди отсеянных 9)
     отсеять 20% самых рискованных → итог +8.3 (отсеяно стопов 0 из 6, тейков среди отсеянных 15)
     отсеять 30% самых рискованных → итог +6.6 (отсеяно стопов 1 из 6, тейков среди отсеянных 22)

==== ПРАВИЛО 2 (слив): логрегрессия: вне выборки 82 сигналов, AUC 0.311; итог без фильтра +14.1
     отсеять 10% самых рискованных → итог +10.8 (отсеяно стопов 0 из 6, тейков среди отсеянных 8)
     отсеять 20% самых рискованных → итог +10.2 (отсеяно стопов 1 из 6, тейков среди отсеянных 13)
     отсеять 30% самых рискованных → итог +5.8 (отсеяно стопов 1 из 6, тейков среди отсеянных 21)
