сигналов 586; стопов 77 (13%); train до 30.05; признаков 145
  правило 1: 356 сигналов, стопов 16%, итог +30.3, на сделку +0.085
  правило 2: 230 сигналов, стопов 8%, итог +43.2, на сделку +0.188

######## ОБА ПРАВИЛА | цель y_stop: стопов train 50/351, test 27/235; итог train +33.8, test +39.7
пары: проверено 937; топ-15 по train → на test в плюсе 1, сумма на test -79.1
                        исключить, если  выигр_train  n_train  стоп%_train  выигр_test  n_test  стоп%_test
        vs_vwap24 > 6.83 И ch_1h > 4.48        15.13       72        27.78       -6.10      43       13.95
  vs_vwap24 > 6.83 И body_last15 > 1.25        14.55       62        29.03       -6.16      43       13.95
      body_last15 > 1.25 И ch_1h > 4.48        14.30       70        27.14      -11.05      47       10.64
   vs_vwap24 > 6.83 И spot_ch_1h > 4.85        13.54       74        25.68       -6.22      43       13.95
      from_ext4h < -0.65 И r2_4h < 0.48        13.27       48        29.17       -5.79      32       12.50
from_ext4h < -0.65 И body_last15 > 1.25        12.94       48        31.25       -2.78      35       17.14
   body_last15 > 1.25 И oi_ch_1h > 6.16        12.73       64        26.56       -5.48      42       14.29
 body_last15 > 1.25 И spot_ch_1h > 4.85        11.60       68        26.47       -9.49      44       11.36
      from_ext4h < -0.65 И ch_1h > 4.48        11.13       54        27.78       -5.15      31       12.90
    from_ext4h < -0.65 И bb_pct15 > 1.1        10.65       41        29.27       -5.32      22        9.09
           ch_48h > 26.9 И ch_1h > 4.48        10.02       42        30.95       -2.52      24       16.67
        oi_ch_1h > 6.16 И ch_48h > 26.9         9.82       49        28.57       -3.81      27       14.81
         oi_ch_1h > 6.16 И ch_1h > 4.48         9.50       90        23.33      -10.58      51       11.76
        vs_vwap24 > 6.83 И r2_4h < 0.48         9.25       53        26.42       -2.86      26       15.38
vs_vwap24 > 6.83 И spot_tbuy_4h < 0.496         8.95       12        50.00        4.27      20       30.00
балл из 3 признаков, отсечь 10% (порог по train): train +37.4 (было +33.8), test +35.0 (было +39.7); отсеяно на test 31, стопов среди них 5
балл из 3 признаков, отсечь 20% (порог по train): train +37.3 (было +33.8), test +27.7 (было +39.7); отсеяно на test 59, стопов среди них 8
балл из 5 признаков, отсечь 10% (порог по train): train +35.1 (было +33.8), test +38.2 (было +39.7); отсеяно на test 26, стопов среди них 5
балл из 5 признаков, отсечь 20% (порог по train): train +37.5 (было +33.8), test +27.8 (было +39.7); отсеяно на test 59, стопов среди них 8
балл из 10 признаков, отсечь 10% (порог по train): train +34.9 (было +33.8), test +35.4 (было +39.7); отсеяно на test 32, стопов среди них 5
балл из 10 признаков, отсечь 20% (порог по train): train +33.6 (было +33.8), test +28.9 (было +39.7); отсеяно на test 53, стопов среди них 7

######## ОБА ПРАВИЛА | цель y_stop1525: стопов train 53/351, test 37/235; итог train +65.5, test +65.8
пары: проверено 976; топ-15 по train → на test в плюсе 0, сумма на test -185.0
                         исключить, если  выигр_train  n_train  стоп%_train  выигр_test  n_test  стоп%_test
         vs_vwap24 > 6.83 И ch_1h > 4.48        22.80       72        31.94       -9.27      43       20.93
    vs_vwap24 > 6.83 И spot_ch_1h > 4.85        20.14       74        29.73       -4.31      43       23.26
      vs_vwap24 > 6.83 И vrel_15m > 3.37        19.06       70        28.57       -8.10      34       17.65
    oi_ch_1h > 6.16 И body_last15 > 1.25        18.35       64        31.25      -14.31      42       14.29
     vs_vwap24 > 6.83 И oi_ch_15m > 2.18        18.26       71        29.58       -4.75      39       20.51
   vs_vwap24 > 6.83 И body_last15 > 1.25        18.14       62        33.87      -21.40      43       13.95
       ch_1h > 4.48 И body_last15 > 1.25        17.16       70        31.43      -18.09      47       14.89
     impulse_share < 0.74 И ch_1h > 4.48        17.06       29        34.48       -5.40      18       16.67
  spot_ch_1h > 4.85 И body_last15 > 1.25        16.68       68        30.88      -14.25      44       15.91
spot_ch_1h > 4.85 И impulse_share < 0.74        16.65       29        31.03       -2.05      16       18.75
 from_ext4h < -0.65 И body_last15 > 1.25        16.11       48        35.42      -14.87      35       14.29
           ch_1h > 4.48 И vrel_1h > 2.84        15.54       63        26.98      -16.53      32        9.38
             rsi1h > 72.3 И ch_1h > 4.48        15.33       61        26.23      -17.11      40       15.00
     body_last15 > 1.25 И vrel_1h > 2.84        14.78       55        29.09      -13.62      27        7.41
       ch_4h > 9.06 И body_last15 > 1.25        14.70       50        34.00      -20.95      28       10.71
балл из 3 признаков, отсечь 10% (порог по train): train +58.5 (было +65.5), test +63.7 (было +65.8); отсеяно на test 37, стопов среди них 12
балл из 3 признаков, отсечь 20% (порог по train): train +32.2 (было +65.5), test +49.3 (было +65.8); отсеяно на test 54, стопов среди них 14
балл из 5 признаков, отсечь 10% (порог по train): train +55.8 (было +65.5), test +59.8 (было +65.8); отсеяно на test 31, стопов среди них 9
балл из 5 признаков, отсечь 20% (порог по train): train +45.0 (было +65.5), test +56.4 (было +65.8); отсеяно на test 64, стопов среди них 18
балл из 10 признаков, отсечь 10% (порог по train): train +51.7 (было +65.5), test +55.9 (было +65.8); отсеяно на test 29, стопов среди них 7
балл из 10 признаков, отсечь 20% (порог по train): train +38.1 (было +65.5), test +53.4 (было +65.8); отсеяно на test 61, стопов среди них 16

######## ПРАВИЛО 1 | цель y_stop: стопов train 37/208, test 21/148; итог train +7.1, test +23.2
пары: проверено 778; топ-15 по train → на test в плюсе 0, сумма на test -64.8
                             исключить, если  выигр_train  n_train  стоп%_train  выигр_test  n_test  стоп%_test
               tbuy_15m < 0.5 И ch_chng > -0        13.79       22        45.45       -2.53      14       14.29
          from_ext4h < -1.87 И ch_1m > 0.726        13.04       14        57.14       -0.93       7       14.29
              tbuy_15m < 0.5 И ch_1m > 0.726        12.54       16        50.00       -2.41      10       10.00
           ch_br > 28.8 И body_last15 > 1.93        12.39       27        37.04       -5.42      12        0.00
     tbuy_15m < 0.5 И taker_ratio_15m < 0.99        12.39       52        28.85      -12.67      43        9.30
           tbuy_15m < 0.5 И prem_1h > -0.167        11.96       26        38.46       -5.12      25       12.00
       ch_chng > -0 И taker_ratio_15m < 0.99        11.55       23        39.13       -3.60      16       12.50
 toppos_ch_24h > 0.0168 И body_last15 > 1.93        11.30       22        40.91       -4.99      18       11.11
from_ext4h < -1.87 И avg_trade_rel_1h > 1.16        10.95       24        37.50       -5.34      19       10.53
          ch_chng > -0 И ch_bor_vs_7d > 6.22        10.92       14        50.00       -2.65       9       11.11
         from_ext4h < -1.87 И tbuy_15m < 0.5        10.84       37        32.43       -3.30      29       17.24
  prem_1h > -0.167 И avg_trade_rel_1h > 1.16        10.72       22        40.91       -3.22      16       12.50
body_last15 > 1.93 И avg_trade_rel_1h > 1.16        10.65       28        35.71       -2.25      13       15.38
              eff_4h < 0.112 И ch_1m > 0.726        10.42       14        50.00       -1.18      11       18.18
          r2_4h < 0.407 И body_last15 > 1.93        10.34       35        31.43       -9.21      19        0.00
балл из 3 признаков, отсечь 10% (порог по train): train +12.1 (было +7.1), test +21.1 (было +23.2); отсеяно на test 13, стопов среди них 2
балл из 3 признаков, отсечь 20% (порог по train): train +12.4 (было +7.1), test +18.8 (было +23.2); отсеяно на test 31, стопов среди них 4
балл из 5 признаков, отсечь 10% (порог по train): train +11.3 (было +7.1), test +20.1 (было +23.2); отсеяно на test 15, стопов среди них 2
балл из 5 признаков, отсечь 20% (порог по train): train +18.8 (было +7.1), test +20.9 (было +23.2); отсеяно на test 31, стопов среди них 5
балл из 10 признаков, отсечь 10% (порог по train): train +13.6 (было +7.1), test +21.2 (было +23.2); отсеяно на test 14, стопов среди них 2
балл из 10 признаков, отсечь 20% (порог по train): train +26.5 (было +7.1), test +15.3 (было +23.2); отсеяно на test 38, стопов среди них 5

######## ПРАВИЛО 1 | цель y_stop1525: стопов train 39/208, test 29/148; итог train +24.7, test +32.5
пары: проверено 866; топ-15 по train → на test в плюсе 5, сумма на test -90.1
                               исключить, если  выигр_train  n_train  стоп%_train  выигр_test  n_test  стоп%_test
             body_last15 > 1.93 И ch_br > 28.8        21.19       27        40.74       -6.36      12        8.33
            body_last15 > 1.93 И ch_48h > 28.7        15.36       28        46.43      -23.04      18        0.00
            r2_4h < 0.407 И body_last15 > 1.93        14.99       35        37.14      -15.03      19        5.26
lsr_ch_4h < -0.0525 И toppos_ch_15m < -0.00763        13.71       27        37.04       -5.62      19       21.05
                  r2_4h < 0.407 И ch_br > 28.8        13.65       23        39.13        3.44      14       35.71
             body_last15 > 1.93 И ch_6h < 9.05        13.26       20        40.00        2.21      17       17.65
       ch_br > 28.8 И toppos_ch_15m < -0.00763        12.85       26        30.77        2.01      12       33.33
            from_ext4h < -1.87 И ch_72h < 13.6        12.32       16        37.50       -4.72      22       18.18
          body_last15 > 1.93 И max15_4h > 4.81        11.55       23        39.13       -9.39      13        7.69
         lsr > 1.34 И toppos_ch_15m < -0.00763        11.14       25        36.00       -6.78      23       17.39
      ch_48h > 28.7 И upbit_to_perp_qv < 0.297        11.06       12        50.00       -4.68      11       18.18
   body_last15 > 1.93 И ch_4h_before_24h < 1.7        10.55       22        27.27        0.62      15       20.00
           body_last15 > 1.93 И eff_4h > 0.159        10.35       25        28.00        0.05      18       22.22
              body_last15 > 1.93 И lsr < 0.882        10.22       22        27.27       -6.93      12       16.67
 body_last15 > 1.93 И toppos_ch_15m < -0.00763        10.13       25        36.00      -15.88      26       11.54
балл из 3 признаков, отсечь 10% (порог по train): train +26.9 (было +24.7), test +19.2 (было +32.5); отсеяно на test 16, стопов среди них 2
балл из 3 признаков, отсечь 20% (порог по train): train +23.8 (было +24.7), test +8.7 (было +32.5); отсеяно на test 34, стопов среди них 5
балл из 5 признаков, отсечь 10% (порог по train): train +29.7 (было +24.7), test +19.4 (было +32.5); отсеяно на test 21, стопов среди них 4
балл из 5 признаков, отсечь 20% (порог по train): train +13.5 (было +24.7), test +15.0 (было +32.5); отсеяно на test 35, стопов среди них 7
балл из 10 признаков, отсечь 10% (порог по train): train +30.2 (было +24.7), test +29.0 (было +32.5); отсеяно на test 24, стопов среди них 7
балл из 10 признаков, отсечь 20% (порог по train): train +19.4 (было +24.7), test +33.9 (было +32.5); отсеяно на test 33, стопов среди них 11

######## ПРАВИЛО 2 | цель y_stop: стопов train 13/143, test 6/87; итог train +26.7, test +16.5
пары: проверено 667; топ-15 по train → на test в плюсе 2, сумма на test -37.0
                                исключить, если  выигр_train  n_train  стоп%_train  выигр_test  n_test  стоп%_test
          book_ask_5_kusd > 422 И pos24 > 0.407         9.67       21        38.10       -3.91       7        0.00
        book_ask_5_kusd > 422 И eff_4h < 0.0834         9.42       12        50.00       -4.65       9        0.00
          book_ask_5_kusd > 422 И ch_12h > 6.66         8.15       20        35.00       -3.54       7        0.00
           book_ask_5_kusd > 422 И rsi1h > 56.2         6.62       20        30.00       -3.35       6        0.00
       book_ask_5_kusd > 422 И oi_ch_24h > 56.3         5.38       25        28.00       -3.51       7        0.00
          book_ask_2_kusd > 188 И pos24 > 0.407         5.15       19        31.58       -1.73       3        0.00
  book_ask_5_kusd > 422 И oi_to_qv24_g < 0.0042         4.78       16        31.25       -1.11       8       12.50
        ch_12h > 6.66 И toppos_ch_15m > 0.00539         4.48       16        31.25        0.10      10       20.00
           toppos_ch_15m > 0.00539 И ch_pos < 3         4.46       16        25.00        1.31      12       16.67
      book_ask_5_kusd > 422 И from_low24 > 17.5         4.43       21        28.57       -4.51       8        0.00
book_ask_5_kusd > 422 И toppos_ch_15m > 0.00539         4.40       17        29.41       -1.00       2        0.00
           ch_run_posts > 118 И eff_4h < 0.0834         3.91       12        33.33       -2.70       5        0.00
              ch_run_h > 9.77 И eff_4h < 0.0834         3.91       12        33.33       -2.70       5        0.00
        book_ask_2_kusd > 188 И eff_4h < 0.0834         3.72       12        33.33       -2.46       5        0.00
                 ch_run_h > 9.77 И ch_7d > 29.1         3.55       27        22.22       -3.29       6        0.00
балл из 3 признаков, отсечь 10% (порог по train): train +29.2 (было +26.7), test +14.3 (было +16.5); отсеяно на test 4, стопов среди них 0
балл из 3 признаков, отсечь 20% (порог по train): train +33.4 (было +26.7), test +13.4 (было +16.5); отсеяно на test 6, стопов среди них 0
балл из 5 признаков, отсечь 10% (порог по train): train +27.9 (было +26.7), test +14.3 (было +16.5); отсеяно на test 4, стопов среди них 0
балл из 5 признаков, отсечь 20% (порог по train): train +32.2 (было +26.7), test +13.4 (было +16.5); отсеяно на test 6, стопов среди них 0
балл из 10 признаков, отсечь 10% (порог по train): train +26.7 (было +26.7), test +15.6 (было +16.5); отсеяно на test 6, стопов среди них 1
балл из 10 признаков, отсечь 20% (порог по train): train +24.3 (было +26.7), test +15.1 (было +16.5); отсеяно на test 12, стопов среди них 2

######## ПРАВИЛО 2 | цель y_stop1525: стопов train 14/143, test 8/87; итог train +40.7, test +33.2
пары: проверено 832; топ-15 по train → на test в плюсе 0, сумма на test -110.3
                          исключить, если  выигр_train  n_train  стоп%_train  выигр_test  n_test  стоп%_test
    ch_run_posts > 118 И from_ext4h > 2.7        14.30       13        46.15       -6.50       5         0.0
       ch_run_h > 9.77 И from_ext4h > 2.7        14.30       13        46.15       -6.50       5         0.0
        ch_run_h > 9.77 И vol15_24h > 2.5        13.51       19        36.84       -7.85       6         0.0
     ch_run_posts > 118 И vol15_24h > 2.5        13.51       19        36.84       -7.85       6         0.0
        ch_run_h > 9.77 И eff_4h < 0.0834        12.15       12        41.67       -6.55       5         0.0
     ch_run_posts > 118 И eff_4h < 0.0834        12.15       12        41.67       -6.55       5         0.0
     ch_run_posts > 118 И max1h_4h > 9.86        11.40       12        41.67       -6.50       5         0.0
        ch_run_h > 9.77 И max1h_4h > 9.86        11.40       12        41.67       -6.50       5         0.0
ch_run_posts > 118 И impulse_share > 1.16        11.10       12        41.67       -5.23       5         0.0
   ch_run_h > 9.77 И impulse_share > 1.16        11.10       12        41.67       -5.23       5         0.0
       ch_run_posts > 118 И r2_4h < 0.614        10.88       13        38.46       -7.74       6         0.0
          ch_run_h > 9.77 И r2_4h < 0.614        10.88       13        38.46       -7.74       6         0.0
      ch_run_h > 9.77 И ch_bor < 4.57e+05         8.77       18        33.33      -11.43      11         0.0
   ch_run_posts > 118 И ch_bor < 4.57e+05         8.77       18        33.33      -11.43      11         0.0
           ch_run_h > 9.77 И ch_7d > 29.1         8.46       27        22.22       -6.73       6         0.0
балл из 3 признаков, отсечь 10% (порог по train): train +47.5 (было +40.7), test +29.3 (было +33.2); отсеяно на test 5, стопов среди них 0
балл из 3 признаков, отсечь 20% (порог по train): train +53.8 (было +40.7), test +23.8 (было +33.2); отсеяно на test 9, стопов среди них 0
балл из 5 признаков, отсечь 10% (порог по train): train +46.0 (было +40.7), test +26.6 (было +33.2); отсеяно на test 6, стопов среди них 0
балл из 5 признаков, отсечь 20% (порог по train): train +52.2 (было +40.7), test +23.8 (было +33.2); отсеяно на test 9, стопов среди них 0
балл из 10 признаков, отсечь 10% (порог по train): train +43.4 (было +40.7), test +30.6 (было +33.2); отсеяно на test 9, стопов среди них 2
балл из 10 признаков, отсечь 20% (порог по train): train +38.6 (было +40.7), test +25.7 (было +33.2); отсеяно на test 13, стопов среди них 2
